main.c:187:5:main	24	static
main.c:537:6:SystemClock_Config	88	static
main.c:582:6:resetFaults	8	static
main.c:608:6:autoShutdown	16	static
main.c:635:6:manualMode	8	static
main.c:655:6:evseread	8	static
main.c:710:6:EEPROM_Read	24	static
main.c:730:6:EEPROM_Write	24	static
main.c:749:6:Can_Init	8	static
main.c:768:6:CAN_FilterConfig	48	static
main.c:787:1:__io_putchar	16	static
main.c:796:6:candecode	32	static
main.c:965:6:menu	16	static
main.c:1206:10:millis	8	static
main.c:1209:10:micros	16	static
main.c:1214:6:delay	16	static
main.c:1218:6:Charger_msgs1	16	static
main.c:1263:6:Charger_msgs2	8	static
main.c:1291:6:Pilotcalc	8	static
main.c:1305:6:enabledCAN	8	static
main.c:1322:6:ACcurrentlimit	16	static
main.c:1396:6:DCcurrentlimit	24	static
main.c:1415:6:HAL_GPIO_EXTI_Callback	16	static
main.c:1420:6:HAL_TIM_PeriodElapsedCallback	80	static
main.c:1451:6:Error_Handler	4	static
